Load external: deps/elrond-wasm-rs/contracts/examples/crowdfunding-egld/mandos/crowdfunding-init.scen.json
Load external: deps/elrond-wasm-rs/contracts/examples/crowdfunding-egld/mandos/crowdfunding-fund.scen.json
Load external: deps/elrond-wasm-rs/contracts/examples/crowdfunding-egld/mandos/crowdfunding-init.scen.json
Load external: deps/elrond-wasm-rs/contracts/examples/crowdfunding-egld/mandos/crowdfunding-fund.scen.json
Load external: deps/elrond-wasm-rs/contracts/examples/crowdfunding-egld/mandos/crowdfunding-init.scen.json
Load external: deps/elrond-wasm-rs/contracts/examples/crowdfunding-egld/mandos/crowdfunding-fund.scen.json
Load external: deps/elrond-wasm-rs/contracts/examples/crowdfunding-egld/mandos/crowdfunding-init.scen.json
Load external: deps/elrond-wasm-rs/contracts/examples/crowdfunding-egld/mandos/crowdfunding-fund.scen.json
Load external: deps/elrond-wasm-rs/contracts/examples/crowdfunding-egld/mandos/crowdfunding-init.scen.json
function coverage:
deps/elrond-wasm-rs/contracts/examples/crowdfunding-egld/output/crowdfunding-egld.wasm: [38, 39, 42, 43, 44, 45, 46, 47, 48, 49, 50, 51, 52, 53, 54, 55, 56, 57, 58, 59, 60, 61, 62, 63, 64, 65, 66, 67, 68, 69, 71, 72, 73, 75, 76, 77, 83, 84, 87, 88, 89, 92, 93, 95, 96, 97, 99, 100, 101]
import: [0, 1, 2, 3, 4, 5, 6, 7, 8, 9, 10, 11, 12, 13, 14, 15, 16, 17, 18, 19, 20, 21, 26, 27, 28]

block coverage:
deps/elrond-wasm-rs/contracts/examples/crowdfunding-egld/output/crowdfunding-egld.wasm: [0, 1, 2, 3, 4, 5, 6, 7, 8, 9, 10, 11, 12, 17, 18, 19, 20, 21, 22, 23, 27, 28, 29, 30, 32, 33, 35, 36, 51, 52, 53, 54, 55, 56, 57, 58, 59, 60, 61, 62, 63, 64, 65, 66, 67, 68, 74, 75, 76, 77, 78, 81, 82, 103, 104, 105, 106, 107, 139, 140, 141, 142, 143, 144, 145, 146, 147, 148, 149, 150, 151, 152, 153, 154, 160, 161, 162, 163, 164, 172, 173, 174, 175, 176, 177, 178, 179, 180, 181, 182, 183, 184, 189, 190, 191, 192, 193, 194, 195, 196, 199, 200, 201, 202, 204, 205, 207, 208, 212, 213, 214, 215, 216, 218, 219, 220, 223, 224, 225, 226, 227, 228, 229, 230, 231, 232, 233, 234, 235, 236, 237, 238, 239, 240, 246, 247, 248, 249, 250, 253, 254, 258, 259, 260, 261, 262, 263, 264, 265, 266, 267, 268, 269, 270, 275, 276, 277, 278, 279, 280, 281, 282, 285, 286, 287, 288, 290, 291, 293, 294, 295, 296, 297, 309, 310, 311, 312, 313, 314, 315, 316, 317, 318, 319, 320, 321, 322, 323, 324, 325, 326, 332, 333, 334, 335, 336, 339, 340, 344, 345, 346, 347, 348, 349, 350, 351, 352, 353, 354, 355, 356, 361, 362, 363, 364, 365, 366, 367, 368, 369, 370, 371, 372, 373, 374, 376, 377, 379, 380, 384, 385, 386, 387, 388, 389, 391, 392, 395, 396, 397, 398, 399, 400, 401, 402, 403, 404, 405, 406, 407, 408, 409, 410, 411, 412, 418, 419, 420, 421, 422, 425, 426, 427, 428, 429, 430, 431, 432, 433, 434, 435, 436, 437, 438, 439, 440, 441, 442, 447, 448, 449, 450, 451, 452, 453, 454, 457, 458, 459, 460, 462, 463, 465, 466, 470, 471, 472, 473, 474, 481, 482, 483, 484, 485, 486, 487, 488, 489, 490, 491, 492, 493, 494, 495, 496, 497, 498, 504, 505, 506, 507, 508, 511, 512]

module files:
['deps/elrond-wasm-rs/contracts/examples/crowdfunding-egld/output/crowdfunding-egld.wasm']
