(module
  (type (;0;) (func (result i32)))
  (type (;1;) (func))
  (func (;0;) (type 0) (result i32)
    block (result i32)  ;; label = @1
      i32.const 10
      if (result i32)  ;; label = @2
        block (result i32)  ;; label = @3
          i32.const 2
        end
      else
!       block (result i32)  ;; label = @3
          i32.const 3
        end
      end
    end)
  (func (;1;) (type 1))
! (func (;2;) (type 1))
  (export "func1" (func 0))
  (export "init" (func 1))
  (export "func2" (func 2)))
